10:01:19.999 [main] INFO  Criteria - domain.dto.Criteria@7f010382
10:20:22.087 [main] INFO  Criteria - 10
10:20:32.572 [main] INFO  Criteria - 20
10:28:58.353 [main] INFO  Criteria - 20
10:39:13.919 [main] INFO  sqltiming - select * from tbl_board order by bno desc limit 10 offset 0;
 {executed in 9 msec}
10:39:13.952 [main] INFO  resultsettable - 
|----|--------|--------|----|--------------------|--------------------|----|----|
|bno |title   |content |id  |regdate             |moddate             |cnt |cno |
|----|--------|--------|----|--------------------|--------------------|----|----|
|409 |새똥이가 쓴글 |내용      |sae |2025-06-18 09:50:39 |2025-06-18 09:50:39 |0   |2   |
|408 |제목      |내용      |sae |2025-06-18 09:50:39 |2025-06-18 09:50:39 |0   |2   |
|407 |개똥이가 쓴글 |내용      |sae |2025-06-18 09:50:39 |2025-06-18 09:50:39 |0   |2   |
|406 |오늘이 메뉴  |내용      |sae |2025-06-18 09:50:39 |2025-06-18 09:50:39 |0   |2   |
|405 |굿       |내용      |sae |2025-06-18 09:50:39 |2025-06-18 09:50:39 |0   |2   |
|404 |굿       |내용      |sae |2025-06-18 09:50:39 |2025-06-18 09:50:39 |0   |2   |
|403 |오늘이 메뉴  |내용      |sae |2025-06-18 09:50:39 |2025-06-18 09:50:39 |0   |2   |
|402 |개똥이가 쓴글 |내용      |sae |2025-06-18 09:50:39 |2025-06-18 09:50:39 |0   |2   |
|401 |제목      |내용      |sae |2025-06-18 09:50:39 |2025-06-18 09:50:39 |0   |2   |
|400 |새똥이가 쓴글 |내용      |sae |2025-06-18 09:50:39 |2025-06-18 09:50:39 |0   |2   |
|----|--------|--------|----|--------------------|--------------------|----|----|

10:39:13.971 [main] INFO  BoardService - Board(bno=409, title=새똥이가 쓴글, content=내용, id=sae, regdate=2025-06-18 09:50:39, moddate=2025-06-18 09:50:39, cnt=0, cno=2)
10:39:13.979 [main] INFO  BoardService - Board(bno=408, title=제목, content=내용, id=sae, regdate=2025-06-18 09:50:39, moddate=2025-06-18 09:50:39, cnt=0, cno=2)
10:39:13.980 [main] INFO  BoardService - Board(bno=407, title=개똥이가 쓴글, content=내용, id=sae, regdate=2025-06-18 09:50:39, moddate=2025-06-18 09:50:39, cnt=0, cno=2)
10:39:13.980 [main] INFO  BoardService - Board(bno=406, title=오늘이 메뉴, content=내용, id=sae, regdate=2025-06-18 09:50:39, moddate=2025-06-18 09:50:39, cnt=0, cno=2)
10:39:13.980 [main] INFO  BoardService - Board(bno=405, title=굿, content=내용, id=sae, regdate=2025-06-18 09:50:39, moddate=2025-06-18 09:50:39, cnt=0, cno=2)
10:39:13.980 [main] INFO  BoardService - Board(bno=404, title=굿, content=내용, id=sae, regdate=2025-06-18 09:50:39, moddate=2025-06-18 09:50:39, cnt=0, cno=2)
10:39:13.980 [main] INFO  BoardService - Board(bno=403, title=오늘이 메뉴, content=내용, id=sae, regdate=2025-06-18 09:50:39, moddate=2025-06-18 09:50:39, cnt=0, cno=2)
10:39:13.981 [main] INFO  BoardService - Board(bno=402, title=개똥이가 쓴글, content=내용, id=sae, regdate=2025-06-18 09:50:39, moddate=2025-06-18 09:50:39, cnt=0, cno=2)
10:39:13.981 [main] INFO  BoardService - Board(bno=401, title=제목, content=내용, id=sae, regdate=2025-06-18 09:50:39, moddate=2025-06-18 09:50:39, cnt=0, cno=2)
10:39:13.982 [main] INFO  BoardService - Board(bno=400, title=새똥이가 쓴글, content=내용, id=sae, regdate=2025-06-18 09:50:39, moddate=2025-06-18 09:50:39, cnt=0, cno=2)
10:39:43.784 [main] INFO  sqltiming - select * from tbl_board order by bno desc limit 10 offset 0;
 {executed in 8 msec}
10:39:43.810 [main] INFO  resultsettable - 
|----|--------|--------|----|--------------------|--------------------|----|----|
|bno |title   |content |id  |regdate             |moddate             |cnt |cno |
|----|--------|--------|----|--------------------|--------------------|----|----|
|409 |새똥이가 쓴글 |내용      |sae |2025-06-18 09:50:39 |2025-06-18 09:50:39 |0   |2   |
|408 |제목      |내용      |sae |2025-06-18 09:50:39 |2025-06-18 09:50:39 |0   |2   |
|407 |개똥이가 쓴글 |내용      |sae |2025-06-18 09:50:39 |2025-06-18 09:50:39 |0   |2   |
|406 |오늘이 메뉴  |내용      |sae |2025-06-18 09:50:39 |2025-06-18 09:50:39 |0   |2   |
|405 |굿       |내용      |sae |2025-06-18 09:50:39 |2025-06-18 09:50:39 |0   |2   |
|404 |굿       |내용      |sae |2025-06-18 09:50:39 |2025-06-18 09:50:39 |0   |2   |
|403 |오늘이 메뉴  |내용      |sae |2025-06-18 09:50:39 |2025-06-18 09:50:39 |0   |2   |
|402 |개똥이가 쓴글 |내용      |sae |2025-06-18 09:50:39 |2025-06-18 09:50:39 |0   |2   |
|401 |제목      |내용      |sae |2025-06-18 09:50:39 |2025-06-18 09:50:39 |0   |2   |
|400 |새똥이가 쓴글 |내용      |sae |2025-06-18 09:50:39 |2025-06-18 09:50:39 |0   |2   |
|----|--------|--------|----|--------------------|--------------------|----|----|

10:39:43.829 [main] INFO  BoardService - 새똥이가 쓴글
10:39:43.830 [main] INFO  BoardService - 제목
10:39:43.831 [main] INFO  BoardService - 개똥이가 쓴글
10:39:43.831 [main] INFO  BoardService - 오늘이 메뉴
10:39:43.831 [main] INFO  BoardService - 굿
10:39:43.831 [main] INFO  BoardService - 굿
10:39:43.832 [main] INFO  BoardService - 오늘이 메뉴
10:39:43.834 [main] INFO  BoardService - 개똥이가 쓴글
10:39:43.834 [main] INFO  BoardService - 제목
10:39:43.836 [main] INFO  BoardService - 새똥이가 쓴글
10:40:25.150 [main] INFO  sqltiming - select * from tbl_board order by bno desc limit 50 offset 100;
 {executed in 8 msec}
10:40:25.202 [main] INFO  resultsettable - 
|----|--------|--------|----|--------------------|--------------------|----|----|
|bno |title   |content |id  |regdate             |moddate             |cnt |cno |
|----|--------|--------|----|--------------------|--------------------|----|----|
|309 |새똥이가 쓴글 |내용      |sae |2025-06-18 09:50:39 |2025-06-18 09:50:39 |0   |2   |
|308 |제목      |내용      |sae |2025-06-18 09:50:39 |2025-06-18 09:50:39 |0   |2   |
|307 |개똥이가 쓴글 |내용      |sae |2025-06-18 09:50:39 |2025-06-18 09:50:39 |0   |2   |
|306 |오늘이 메뉴  |내용      |sae |2025-06-18 09:50:39 |2025-06-18 09:50:39 |0   |2   |
|305 |굿       |내용      |sae |2025-06-18 09:50:39 |2025-06-18 09:50:39 |0   |2   |
|304 |굿       |내용      |sae |2025-06-18 09:50:39 |2025-06-18 09:50:39 |0   |2   |
|303 |오늘이 메뉴  |내용      |sae |2025-06-18 09:50:39 |2025-06-18 09:50:39 |0   |2   |
|302 |개똥이가 쓴글 |내용      |sae |2025-06-18 09:50:39 |2025-06-18 09:50:39 |0   |2   |
|301 |제목      |내용      |sae |2025-06-18 09:50:39 |2025-06-18 09:50:39 |0   |2   |
|300 |새똥이가 쓴글 |내용      |sae |2025-06-18 09:50:39 |2025-06-18 09:50:39 |0   |2   |
|299 |새똥이가 쓴글 |내용      |sae |2025-06-18 09:50:39 |2025-06-18 09:50:39 |0   |2   |
|298 |제목      |내용      |sae |2025-06-18 09:50:39 |2025-06-18 09:50:39 |0   |2   |
|297 |개똥이가 쓴글 |내용      |sae |2025-06-18 09:50:39 |2025-06-18 09:50:39 |0   |2   |
|296 |오늘이 메뉴  |내용      |sae |2025-06-18 09:50:39 |2025-06-18 09:50:39 |0   |2   |
|295 |굿       |내용      |sae |2025-06-18 09:50:39 |2025-06-18 09:50:39 |0   |2   |
|294 |굿       |내용      |sae |2025-06-18 09:50:39 |2025-06-18 09:50:39 |0   |2   |
|293 |오늘이 메뉴  |내용      |sae |2025-06-18 09:50:39 |2025-06-18 09:50:39 |0   |2   |
|292 |개똥이가 쓴글 |내용      |sae |2025-06-18 09:50:39 |2025-06-18 09:50:39 |0   |2   |
|291 |제목      |내용      |sae |2025-06-18 09:50:39 |2025-06-18 09:50:39 |0   |2   |
|290 |새똥이가 쓴글 |내용      |sae |2025-06-18 09:50:39 |2025-06-18 09:50:39 |0   |2   |
|289 |새똥이가 쓴글 |내용      |sae |2025-06-18 09:50:39 |2025-06-18 09:50:39 |0   |2   |
|288 |제목      |내용      |sae |2025-06-18 09:50:39 |2025-06-18 09:50:39 |0   |2   |
|287 |개똥이가 쓴글 |내용      |sae |2025-06-18 09:50:39 |2025-06-18 09:50:39 |0   |2   |
|286 |오늘이 메뉴  |내용      |sae |2025-06-18 09:50:39 |2025-06-18 09:50:39 |0   |2   |
|285 |굿       |내용      |sae |2025-06-18 09:50:39 |2025-06-18 09:50:39 |0   |2   |
|284 |굿       |내용      |sae |2025-06-18 09:50:39 |2025-06-18 09:50:39 |0   |2   |
|283 |오늘이 메뉴  |내용      |sae |2025-06-18 09:50:39 |2025-06-18 09:50:39 |0   |2   |
|282 |개똥이가 쓴글 |내용      |sae |2025-06-18 09:50:39 |2025-06-18 09:50:39 |0   |2   |
|281 |제목      |내용      |sae |2025-06-18 09:50:39 |2025-06-18 09:50:39 |0   |2   |
|280 |새똥이가 쓴글 |내용      |sae |2025-06-18 09:50:39 |2025-06-18 09:50:39 |0   |2   |
|279 |새똥이가 쓴글 |내용      |sae |2025-06-18 09:50:39 |2025-06-18 09:50:39 |0   |2   |
|278 |제목      |내용      |sae |2025-06-18 09:50:39 |2025-06-18 09:50:39 |0   |2   |
|277 |개똥이가 쓴글 |내용      |sae |2025-06-18 09:50:39 |2025-06-18 09:50:39 |0   |2   |
|276 |오늘이 메뉴  |내용      |sae |2025-06-18 09:50:39 |2025-06-18 09:50:39 |0   |2   |
|275 |굿       |내용      |sae |2025-06-18 09:50:39 |2025-06-18 09:50:39 |0   |2   |
|274 |굿       |내용      |sae |2025-06-18 09:50:39 |2025-06-18 09:50:39 |0   |2   |
|273 |오늘이 메뉴  |내용      |sae |2025-06-18 09:50:39 |2025-06-18 09:50:39 |0   |2   |
|272 |개똥이가 쓴글 |내용      |sae |2025-06-18 09:50:39 |2025-06-18 09:50:39 |0   |2   |
|271 |제목      |내용      |sae |2025-06-18 09:50:39 |2025-06-18 09:50:39 |0   |2   |
|270 |새똥이가 쓴글 |내용      |sae |2025-06-18 09:50:39 |2025-06-18 09:50:39 |0   |2   |
|269 |새똥이가 쓴글 |내용      |sae |2025-06-18 09:50:39 |2025-06-18 09:50:39 |0   |2   |
|268 |제목      |내용      |sae |2025-06-18 09:50:39 |2025-06-18 09:50:39 |0   |2   |
|267 |개똥이가 쓴글 |내용      |sae |2025-06-18 09:50:39 |2025-06-18 09:50:39 |0   |2   |
|266 |오늘이 메뉴  |내용      |sae |2025-06-18 09:50:39 |2025-06-18 09:50:39 |0   |2   |
|265 |굿       |내용      |sae |2025-06-18 09:50:39 |2025-06-18 09:50:39 |0   |2   |
|264 |굿       |내용      |sae |2025-06-18 09:50:39 |2025-06-18 09:50:39 |0   |2   |
|263 |오늘이 메뉴  |내용      |sae |2025-06-18 09:50:39 |2025-06-18 09:50:39 |0   |2   |
|262 |개똥이가 쓴글 |내용      |sae |2025-06-18 09:50:39 |2025-06-18 09:50:39 |0   |2   |
|261 |제목      |내용      |sae |2025-06-18 09:50:39 |2025-06-18 09:50:39 |0   |2   |
|260 |새똥이가 쓴글 |내용      |sae |2025-06-18 09:50:39 |2025-06-18 09:50:39 |0   |2   |
|----|--------|--------|----|--------------------|--------------------|----|----|

10:40:25.222 [main] INFO  BoardService - 새똥이가 쓴글
10:40:25.224 [main] INFO  BoardService - 제목
10:40:25.224 [main] INFO  BoardService - 개똥이가 쓴글
10:40:25.224 [main] INFO  BoardService - 오늘이 메뉴
10:40:25.225 [main] INFO  BoardService - 굿
10:40:25.225 [main] INFO  BoardService - 굿
10:40:25.225 [main] INFO  BoardService - 오늘이 메뉴
10:40:25.225 [main] INFO  BoardService - 개똥이가 쓴글
10:40:25.225 [main] INFO  BoardService - 제목
10:40:25.226 [main] INFO  BoardService - 새똥이가 쓴글
10:40:25.226 [main] INFO  BoardService - 새똥이가 쓴글
10:40:25.226 [main] INFO  BoardService - 제목
10:40:25.226 [main] INFO  BoardService - 개똥이가 쓴글
10:40:25.226 [main] INFO  BoardService - 오늘이 메뉴
10:40:25.226 [main] INFO  BoardService - 굿
10:40:25.226 [main] INFO  BoardService - 굿
10:40:25.226 [main] INFO  BoardService - 오늘이 메뉴
10:40:25.227 [main] INFO  BoardService - 개똥이가 쓴글
10:40:25.227 [main] INFO  BoardService - 제목
10:40:25.227 [main] INFO  BoardService - 새똥이가 쓴글
10:40:25.227 [main] INFO  BoardService - 새똥이가 쓴글
10:40:25.227 [main] INFO  BoardService - 제목
10:40:25.227 [main] INFO  BoardService - 개똥이가 쓴글
10:40:25.227 [main] INFO  BoardService - 오늘이 메뉴
10:40:25.228 [main] INFO  BoardService - 굿
10:40:25.228 [main] INFO  BoardService - 굿
10:40:25.228 [main] INFO  BoardService - 오늘이 메뉴
10:40:25.228 [main] INFO  BoardService - 개똥이가 쓴글
10:40:25.228 [main] INFO  BoardService - 제목
10:40:25.228 [main] INFO  BoardService - 새똥이가 쓴글
10:40:25.228 [main] INFO  BoardService - 새똥이가 쓴글
10:40:25.228 [main] INFO  BoardService - 제목
10:40:25.228 [main] INFO  BoardService - 개똥이가 쓴글
10:40:25.228 [main] INFO  BoardService - 오늘이 메뉴
10:40:25.228 [main] INFO  BoardService - 굿
10:40:25.229 [main] INFO  BoardService - 굿
10:40:25.229 [main] INFO  BoardService - 오늘이 메뉴
10:40:25.229 [main] INFO  BoardService - 개똥이가 쓴글
10:40:25.229 [main] INFO  BoardService - 제목
10:40:25.229 [main] INFO  BoardService - 새똥이가 쓴글
10:40:25.229 [main] INFO  BoardService - 새똥이가 쓴글
10:40:25.229 [main] INFO  BoardService - 제목
10:40:25.229 [main] INFO  BoardService - 개똥이가 쓴글
10:40:25.229 [main] INFO  BoardService - 오늘이 메뉴
10:40:25.229 [main] INFO  BoardService - 굿
10:40:25.230 [main] INFO  BoardService - 굿
10:40:25.230 [main] INFO  BoardService - 오늘이 메뉴
10:40:25.230 [main] INFO  BoardService - 개똥이가 쓴글
10:40:25.230 [main] INFO  BoardService - 제목
10:40:25.230 [main] INFO  BoardService - 새똥이가 쓴글
10:40:53.186 [main] INFO  sqltiming - select * from tbl_board order by bno desc limit 10 offset 20;
 {executed in 10 msec}
10:40:53.219 [main] INFO  resultsettable - 
|----|--------|--------|----|--------------------|--------------------|----|----|
|bno |title   |content |id  |regdate             |moddate             |cnt |cno |
|----|--------|--------|----|--------------------|--------------------|----|----|
|389 |새똥이가 쓴글 |내용      |sae |2025-06-18 09:50:39 |2025-06-18 09:50:39 |0   |2   |
|388 |제목      |내용      |sae |2025-06-18 09:50:39 |2025-06-18 09:50:39 |0   |2   |
|387 |개똥이가 쓴글 |내용      |sae |2025-06-18 09:50:39 |2025-06-18 09:50:39 |0   |2   |
|386 |오늘이 메뉴  |내용      |sae |2025-06-18 09:50:39 |2025-06-18 09:50:39 |0   |2   |
|385 |굿       |내용      |sae |2025-06-18 09:50:39 |2025-06-18 09:50:39 |0   |2   |
|384 |굿       |내용      |sae |2025-06-18 09:50:39 |2025-06-18 09:50:39 |0   |2   |
|383 |오늘이 메뉴  |내용      |sae |2025-06-18 09:50:39 |2025-06-18 09:50:39 |0   |2   |
|382 |개똥이가 쓴글 |내용      |sae |2025-06-18 09:50:39 |2025-06-18 09:50:39 |0   |2   |
|381 |제목      |내용      |sae |2025-06-18 09:50:39 |2025-06-18 09:50:39 |0   |2   |
|380 |새똥이가 쓴글 |내용      |sae |2025-06-18 09:50:39 |2025-06-18 09:50:39 |0   |2   |
|----|--------|--------|----|--------------------|--------------------|----|----|

10:40:53.238 [main] INFO  BoardService - 새똥이가 쓴글
10:40:53.240 [main] INFO  BoardService - 제목
10:40:53.241 [main] INFO  BoardService - 개똥이가 쓴글
10:40:53.241 [main] INFO  BoardService - 오늘이 메뉴
10:40:53.241 [main] INFO  BoardService - 굿
10:40:53.241 [main] INFO  BoardService - 굿
10:40:53.243 [main] INFO  BoardService - 오늘이 메뉴
10:40:53.243 [main] INFO  BoardService - 개똥이가 쓴글
10:40:53.244 [main] INFO  BoardService - 제목
10:40:53.245 [main] INFO  BoardService - 새똥이가 쓴글
10:41:35.807 [main] INFO  sqltiming - select * from tbl_board order by bno desc limit 10 offset 0;
 {executed in 8 msec}
10:41:35.836 [main] INFO  resultsettable - 
|----|--------|--------|----|--------------------|--------------------|----|----|
|bno |title   |content |id  |regdate             |moddate             |cnt |cno |
|----|--------|--------|----|--------------------|--------------------|----|----|
|409 |새똥이가 쓴글 |내용      |sae |2025-06-18 09:50:39 |2025-06-18 09:50:39 |0   |2   |
|408 |제목      |내용      |sae |2025-06-18 09:50:39 |2025-06-18 09:50:39 |0   |2   |
|407 |개똥이가 쓴글 |내용      |sae |2025-06-18 09:50:39 |2025-06-18 09:50:39 |0   |2   |
|406 |오늘이 메뉴  |내용      |sae |2025-06-18 09:50:39 |2025-06-18 09:50:39 |0   |2   |
|405 |굿       |내용      |sae |2025-06-18 09:50:39 |2025-06-18 09:50:39 |0   |2   |
|404 |굿       |내용      |sae |2025-06-18 09:50:39 |2025-06-18 09:50:39 |0   |2   |
|403 |오늘이 메뉴  |내용      |sae |2025-06-18 09:50:39 |2025-06-18 09:50:39 |0   |2   |
|402 |개똥이가 쓴글 |내용      |sae |2025-06-18 09:50:39 |2025-06-18 09:50:39 |0   |2   |
|401 |제목      |내용      |sae |2025-06-18 09:50:39 |2025-06-18 09:50:39 |0   |2   |
|400 |새똥이가 쓴글 |내용      |sae |2025-06-18 09:50:39 |2025-06-18 09:50:39 |0   |2   |
|----|--------|--------|----|--------------------|--------------------|----|----|

10:41:35.855 [main] INFO  BoardService - 새똥이가 쓴글
10:41:35.857 [main] INFO  BoardService - 제목
10:41:35.857 [main] INFO  BoardService - 개똥이가 쓴글
10:41:35.858 [main] INFO  BoardService - 오늘이 메뉴
10:41:35.858 [main] INFO  BoardService - 굿
10:41:35.858 [main] INFO  BoardService - 굿
10:41:35.858 [main] INFO  BoardService - 오늘이 메뉴
10:41:35.858 [main] INFO  BoardService - 개똥이가 쓴글
10:41:35.858 [main] INFO  BoardService - 제목
10:41:35.859 [main] INFO  BoardService - 새똥이가 쓴글
11:14:48.915 [main] INFO  sqltiming - select * from tbl_board 
  	where cno = 2
  	order by bno desc 
  	limit 10 offset 0;
 {executed in 6 msec}
11:14:48.945 [main] INFO  resultsettable - 
|----|--------|--------|----|--------------------|--------------------|----|----|
|bno |title   |content |id  |regdate             |moddate             |cnt |cno |
|----|--------|--------|----|--------------------|--------------------|----|----|
|409 |새똥이가 쓴글 |내용      |sae |2025-06-18 09:50:39 |2025-06-18 09:50:39 |0   |2   |
|408 |제목      |내용      |sae |2025-06-18 09:50:39 |2025-06-18 09:50:39 |0   |2   |
|407 |개똥이가 쓴글 |내용      |sae |2025-06-18 09:50:39 |2025-06-18 09:50:39 |0   |2   |
|406 |오늘이 메뉴  |내용      |sae |2025-06-18 09:50:39 |2025-06-18 09:50:39 |0   |2   |
|405 |굿       |내용      |sae |2025-06-18 09:50:39 |2025-06-18 09:50:39 |0   |2   |
|404 |굿       |내용      |sae |2025-06-18 09:50:39 |2025-06-18 09:50:39 |0   |2   |
|403 |오늘이 메뉴  |내용      |sae |2025-06-18 09:50:39 |2025-06-18 09:50:39 |0   |2   |
|402 |개똥이가 쓴글 |내용      |sae |2025-06-18 09:50:39 |2025-06-18 09:50:39 |0   |2   |
|401 |제목      |내용      |sae |2025-06-18 09:50:39 |2025-06-18 09:50:39 |0   |2   |
|400 |새똥이가 쓴글 |내용      |sae |2025-06-18 09:50:39 |2025-06-18 09:50:39 |0   |2   |
|----|--------|--------|----|--------------------|--------------------|----|----|

11:14:48.957 [main] INFO  sqltiming - select count(*) from tbl_board where cno = 2;
 {executed in 4 msec}
11:14:48.959 [main] INFO  resultsettable - 
|---------|
|count(*) |
|---------|
|320      |
|---------|

11:14:48.969 [main] INFO  BoardService - 새똥이가 쓴글
11:14:48.971 [main] INFO  BoardService - 제목
11:14:48.971 [main] INFO  BoardService - 개똥이가 쓴글
11:14:48.971 [main] INFO  BoardService - 오늘이 메뉴
11:14:48.971 [main] INFO  BoardService - 굿
11:14:48.972 [main] INFO  BoardService - 굿
11:14:48.972 [main] INFO  BoardService - 오늘이 메뉴
11:14:48.972 [main] INFO  BoardService - 개똥이가 쓴글
11:14:48.972 [main] INFO  BoardService - 제목
11:14:48.972 [main] INFO  BoardService - 새똥이가 쓴글
12:17:54.263 [main] INFO  PageDto - PageDto(cri=Criteria(page=12, amount=10, cno=2), total=123, start=11, end=13, left=false, right=false, doubleLeft=false, doubleRight=false)
