11:53:44.422 [main] INFO  BoardMapperTest - null
11:53:44.486 [main] WARN  ErrorPacket - Error: 1064-42000: You have an error in your SQL syntax; check the manual that corresponds to your MariaDB server version for the right syntax to use near '(select count(*) from tbl_attach a where a.bno = b.bno) attachCnt,
		(select ...' at line 3
11:53:44.489 [main] ERROR audit - 1. PreparedStatement.execute() select bno, title, content, id, regdate, moddate, cnt, cno, 
	  	(select count(*) from tbl_reply r where r.bno = b.bno) replyCnt
	  	(select count(*) from tbl_attach a where a.bno = b.bno) attachCnt,
		(select uuid from tbl_attach a where a.bno = b.bno and image = 1 order by odr limit 1) uuid,
		(select path from tbl_attach a where a.bno = b.bno and image = 1 order by odr limit 1) path
  	from tbl_board b

  	 WHERE  cno = 2 

  	order by bno desc 
  	limit 10 offset 0;

java.sql.SQLSyntaxErrorException: (conn=9538) You have an error in your SQL syntax; check the manual that corresponds to your MariaDB server version for the right syntax to use near '(select count(*) from tbl_attach a where a.bno = b.bno) attachCnt,
		(select ...' at line 3
	at org.mariadb.jdbc.export.ExceptionFactory.createException(ExceptionFactory.java:289)
	at org.mariadb.jdbc.export.ExceptionFactory.create(ExceptionFactory.java:378)
	at org.mariadb.jdbc.message.ClientMessage.readPacket(ClientMessage.java:187)
	at org.mariadb.jdbc.client.impl.StandardClient.readPacket(StandardClient.java:1364)
	at org.mariadb.jdbc.client.impl.StandardClient.readResults(StandardClient.java:1303)
	at org.mariadb.jdbc.client.impl.StandardClient.readResponse(StandardClient.java:1222)
	at org.mariadb.jdbc.client.impl.StandardClient.execute(StandardClient.java:1146)
	at org.mariadb.jdbc.ClientPreparedStatement.executeInternal(ClientPreparedStatement.java:87)
	at org.mariadb.jdbc.ClientPreparedStatement.execute(ClientPreparedStatement.java:232)
	at net.sf.log4jdbc.sql.jdbcapi.PreparedStatementSpy.execute(PreparedStatementSpy.java:443)
	at com.zaxxer.hikari.pool.ProxyPreparedStatement.execute(ProxyPreparedStatement.java:44)
	at com.zaxxer.hikari.pool.HikariProxyPreparedStatement.execute(HikariProxyPreparedStatement.java)
	at org.apache.ibatis.executor.statement.PreparedStatementHandler.query(PreparedStatementHandler.java:65)
	at org.apache.ibatis.executor.statement.RoutingStatementHandler.query(RoutingStatementHandler.java:80)
	at org.apache.ibatis.executor.SimpleExecutor.doQuery(SimpleExecutor.java:65)
	at org.apache.ibatis.executor.BaseExecutor.queryFromDatabase(BaseExecutor.java:336)
	at org.apache.ibatis.executor.BaseExecutor.query(BaseExecutor.java:158)
	at org.apache.ibatis.executor.CachingExecutor.query(CachingExecutor.java:110)
	at org.apache.ibatis.executor.CachingExecutor.query(CachingExecutor.java:90)
	at org.apache.ibatis.session.defaults.DefaultSqlSession.selectList(DefaultSqlSession.java:154)
	at org.apache.ibatis.session.defaults.DefaultSqlSession.selectList(DefaultSqlSession.java:147)
	at org.apache.ibatis.session.defaults.DefaultSqlSession.selectList(DefaultSqlSession.java:142)
	at org.apache.ibatis.binding.MapperMethod.executeForMany(MapperMethod.java:147)
	at org.apache.ibatis.binding.MapperMethod.execute(MapperMethod.java:80)
	at org.apache.ibatis.binding.MapperProxy$PlainMethodInvoker.invoke(MapperProxy.java:141)
	at org.apache.ibatis.binding.MapperProxy.invoke(MapperProxy.java:86)
	at jdk.proxy2/jdk.proxy2.$Proxy15.list(Unknown Source)
	at mapper.BoardMapperTest.testList2(BoardMapperTest.java:62)
	at java.base/jdk.internal.reflect.DirectMethodHandleAccessor.invoke(DirectMethodHandleAccessor.java:103)
	at java.base/java.lang.reflect.Method.invoke(Method.java:580)
	at org.junit.platform.commons.util.ReflectionUtils.invokeMethod(ReflectionUtils.java:775)
	at org.junit.platform.commons.support.ReflectionSupport.invokeMethod(ReflectionSupport.java:479)
	at org.junit.jupiter.engine.execution.MethodInvocation.proceed(MethodInvocation.java:60)
	at org.junit.jupiter.engine.execution.InvocationInterceptorChain$ValidatingInvocation.proceed(InvocationInterceptorChain.java:131)
	at org.junit.jupiter.engine.extension.TimeoutExtension.intercept(TimeoutExtension.java:161)
	at org.junit.jupiter.engine.extension.TimeoutExtension.interceptTestableMethod(TimeoutExtension.java:152)
	at org.junit.jupiter.engine.extension.TimeoutExtension.interceptTestMethod(TimeoutExtension.java:91)
	at org.junit.jupiter.engine.execution.InterceptingExecutableInvoker$ReflectiveInterceptorCall.lambda$ofVoidMethod$0(InterceptingExecutableInvoker.java:112)
	at org.junit.jupiter.engine.execution.InterceptingExecutableInvoker.lambda$invoke$0(InterceptingExecutableInvoker.java:94)
	at org.junit.jupiter.engine.execution.InvocationInterceptorChain$InterceptedInvocation.proceed(InvocationInterceptorChain.java:106)
	at org.junit.jupiter.engine.execution.InvocationInterceptorChain.proceed(InvocationInterceptorChain.java:64)
	at org.junit.jupiter.engine.execution.InvocationInterceptorChain.chainAndInvoke(InvocationInterceptorChain.java:45)
	at org.junit.jupiter.engine.execution.InvocationInterceptorChain.invoke(InvocationInterceptorChain.java:37)
	at org.junit.jupiter.engine.execution.InterceptingExecutableInvoker.invoke(InterceptingExecutableInvoker.java:93)
	at org.junit.jupiter.engine.execution.InterceptingExecutableInvoker.invoke(InterceptingExecutableInvoker.java:87)
	at org.junit.jupiter.engine.descriptor.TestMethodTestDescriptor.lambda$invokeTestMethod$7(TestMethodTestDescriptor.java:216)
	at org.junit.platform.engine.support.hierarchical.ThrowableCollector.execute(ThrowableCollector.java:73)
	at org.junit.jupiter.engine.descriptor.TestMethodTestDescriptor.invokeTestMethod(TestMethodTestDescriptor.java:212)
	at org.junit.jupiter.engine.descriptor.TestMethodTestDescriptor.execute(TestMethodTestDescriptor.java:137)
	at org.junit.jupiter.engine.descriptor.TestMethodTestDescriptor.execute(TestMethodTestDescriptor.java:69)
	at org.junit.platform.engine.support.hierarchical.NodeTestTask.lambda$executeRecursively$6(NodeTestTask.java:156)
	at org.junit.platform.engine.support.hierarchical.ThrowableCollector.execute(ThrowableCollector.java:73)
	at org.junit.platform.engine.support.hierarchical.NodeTestTask.lambda$executeRecursively$8(NodeTestTask.java:146)
	at org.junit.platform.engine.support.hierarchical.Node.around(Node.java:137)
	at org.junit.platform.engine.support.hierarchical.NodeTestTask.lambda$executeRecursively$9(NodeTestTask.java:144)
	at org.junit.platform.engine.support.hierarchical.ThrowableCollector.execute(ThrowableCollector.java:73)
	at org.junit.platform.engine.support.hierarchical.NodeTestTask.executeRecursively(NodeTestTask.java:143)
	at org.junit.platform.engine.support.hierarchical.NodeTestTask.execute(NodeTestTask.java:100)
	at java.base/java.util.ArrayList.forEach(ArrayList.java:1596)
	at org.junit.platform.engine.support.hierarchical.SameThreadHierarchicalTestExecutorService.invokeAll(SameThreadHierarchicalTestExecutorService.java:41)
	at org.junit.platform.engine.support.hierarchical.NodeTestTask.lambda$executeRecursively$6(NodeTestTask.java:160)
	at org.junit.platform.engine.support.hierarchical.ThrowableCollector.execute(ThrowableCollector.java:73)
	at org.junit.platform.engine.support.hierarchical.NodeTestTask.lambda$executeRecursively$8(NodeTestTask.java:146)
	at org.junit.platform.engine.support.hierarchical.Node.around(Node.java:137)
	at org.junit.platform.engine.support.hierarchical.NodeTestTask.lambda$executeRecursively$9(NodeTestTask.java:144)
	at org.junit.platform.engine.support.hierarchical.ThrowableCollector.execute(ThrowableCollector.java:73)
	at org.junit.platform.engine.support.hierarchical.NodeTestTask.executeRecursively(NodeTestTask.java:143)
	at org.junit.platform.engine.support.hierarchical.NodeTestTask.execute(NodeTestTask.java:100)
	at java.base/java.util.ArrayList.forEach(ArrayList.java:1596)
	at org.junit.platform.engine.support.hierarchical.SameThreadHierarchicalTestExecutorService.invokeAll(SameThreadHierarchicalTestExecutorService.java:41)
	at org.junit.platform.engine.support.hierarchical.NodeTestTask.lambda$executeRecursively$6(NodeTestTask.java:160)
	at org.junit.platform.engine.support.hierarchical.ThrowableCollector.execute(ThrowableCollector.java:73)
	at org.junit.platform.engine.support.hierarchical.NodeTestTask.lambda$executeRecursively$8(NodeTestTask.java:146)
	at org.junit.platform.engine.support.hierarchical.Node.around(Node.java:137)
	at org.junit.platform.engine.support.hierarchical.NodeTestTask.lambda$executeRecursively$9(NodeTestTask.java:144)
	at org.junit.platform.engine.support.hierarchical.ThrowableCollector.execute(ThrowableCollector.java:73)
	at org.junit.platform.engine.support.hierarchical.NodeTestTask.executeRecursively(NodeTestTask.java:143)
	at org.junit.platform.engine.support.hierarchical.NodeTestTask.execute(NodeTestTask.java:100)
	at org.junit.platform.engine.support.hierarchical.SameThreadHierarchicalTestExecutorService.submit(SameThreadHierarchicalTestExecutorService.java:35)
	at org.junit.platform.engine.support.hierarchical.HierarchicalTestExecutor.execute(HierarchicalTestExecutor.java:57)
	at org.junit.platform.engine.support.hierarchical.HierarchicalTestEngine.execute(HierarchicalTestEngine.java:54)
	at org.junit.platform.launcher.core.EngineExecutionOrchestrator.execute(EngineExecutionOrchestrator.java:201)
	at org.junit.platform.launcher.core.EngineExecutionOrchestrator.execute(EngineExecutionOrchestrator.java:170)
	at org.junit.platform.launcher.core.EngineExecutionOrchestrator.execute(EngineExecutionOrchestrator.java:94)
	at org.junit.platform.launcher.core.EngineExecutionOrchestrator.lambda$execute$0(EngineExecutionOrchestrator.java:59)
	at org.junit.platform.launcher.core.EngineExecutionOrchestrator.withInterceptedStreams(EngineExecutionOrchestrator.java:142)
	at org.junit.platform.launcher.core.EngineExecutionOrchestrator.execute(EngineExecutionOrchestrator.java:58)
	at org.junit.platform.launcher.core.DefaultLauncher.execute(DefaultLauncher.java:103)
	at org.junit.platform.launcher.core.DefaultLauncher.execute(DefaultLauncher.java:94)
	at org.junit.platform.launcher.core.DelegatingLauncher.execute(DelegatingLauncher.java:52)
	at org.junit.platform.launcher.core.InterceptingLauncher.lambda$execute$2(InterceptingLauncher.java:47)
	at org.junit.platform.launcher.core.ClasspathAlignmentCheckingLauncherInterceptor.intercept(ClasspathAlignmentCheckingLauncherInterceptor.java:25)
	at org.junit.platform.launcher.core.InterceptingLauncher.execute(InterceptingLauncher.java:46)
	at org.junit.platform.launcher.core.DelegatingLauncher.execute(DelegatingLauncher.java:52)
	at org.junit.platform.launcher.core.SessionPerRequestLauncher.execute(SessionPerRequestLauncher.java:70)
	at org.eclipse.jdt.internal.junit5.runner.JUnit5TestReference.run(JUnit5TestReference.java:100)
	at org.eclipse.jdt.internal.junit.runner.TestExecution.run(TestExecution.java:40)
	at org.eclipse.jdt.internal.junit.runner.RemoteTestRunner.runTests(RemoteTestRunner.java:520)
	at org.eclipse.jdt.internal.junit.runner.RemoteTestRunner.runTests(RemoteTestRunner.java:748)
	at org.eclipse.jdt.internal.junit.runner.RemoteTestRunner.run(RemoteTestRunner.java:443)
	at org.eclipse.jdt.internal.junit.runner.RemoteTestRunner.main(RemoteTestRunner.java:211)
11:53:44.492 [main] ERROR sqlonly - 1. PreparedStatement.execute() select bno, title, content, id, regdate, moddate, cnt, cno, 
	  	(select count(*) from tbl_reply r where r.bno = b.bno) replyCnt
	  	(select count(*) from tbl_attach a where a.bno = b.bno) attachCnt,
		(select uuid from tbl_attach a where a.bno = b.bno and image = 1 order by odr limit 1) uuid,
		(select path from tbl_attach a where a.bno = b.bno and image = 1 order by odr limit 1) path
  	from tbl_board b

  	 WHERE  cno = 2 

  	order by bno desc 
  	limit 10 offset 0;

java.sql.SQLSyntaxErrorException: (conn=9538) You have an error in your SQL syntax; check the manual that corresponds to your MariaDB server version for the right syntax to use near '(select count(*) from tbl_attach a where a.bno = b.bno) attachCnt,
		(select ...' at line 3
	at org.mariadb.jdbc.export.ExceptionFactory.createException(ExceptionFactory.java:289)
	at org.mariadb.jdbc.export.ExceptionFactory.create(ExceptionFactory.java:378)
	at org.mariadb.jdbc.message.ClientMessage.readPacket(ClientMessage.java:187)
	at org.mariadb.jdbc.client.impl.StandardClient.readPacket(StandardClient.java:1364)
	at org.mariadb.jdbc.client.impl.StandardClient.readResults(StandardClient.java:1303)
	at org.mariadb.jdbc.client.impl.StandardClient.readResponse(StandardClient.java:1222)
	at org.mariadb.jdbc.client.impl.StandardClient.execute(StandardClient.java:1146)
	at org.mariadb.jdbc.ClientPreparedStatement.executeInternal(ClientPreparedStatement.java:87)
	at org.mariadb.jdbc.ClientPreparedStatement.execute(ClientPreparedStatement.java:232)
	at net.sf.log4jdbc.sql.jdbcapi.PreparedStatementSpy.execute(PreparedStatementSpy.java:443)
	at com.zaxxer.hikari.pool.ProxyPreparedStatement.execute(ProxyPreparedStatement.java:44)
	at com.zaxxer.hikari.pool.HikariProxyPreparedStatement.execute(HikariProxyPreparedStatement.java)
	at org.apache.ibatis.executor.statement.PreparedStatementHandler.query(PreparedStatementHandler.java:65)
	at org.apache.ibatis.executor.statement.RoutingStatementHandler.query(RoutingStatementHandler.java:80)
	at org.apache.ibatis.executor.SimpleExecutor.doQuery(SimpleExecutor.java:65)
	at org.apache.ibatis.executor.BaseExecutor.queryFromDatabase(BaseExecutor.java:336)
	at org.apache.ibatis.executor.BaseExecutor.query(BaseExecutor.java:158)
	at org.apache.ibatis.executor.CachingExecutor.query(CachingExecutor.java:110)
	at org.apache.ibatis.executor.CachingExecutor.query(CachingExecutor.java:90)
	at org.apache.ibatis.session.defaults.DefaultSqlSession.selectList(DefaultSqlSession.java:154)
	at org.apache.ibatis.session.defaults.DefaultSqlSession.selectList(DefaultSqlSession.java:147)
	at org.apache.ibatis.session.defaults.DefaultSqlSession.selectList(DefaultSqlSession.java:142)
	at org.apache.ibatis.binding.MapperMethod.executeForMany(MapperMethod.java:147)
	at org.apache.ibatis.binding.MapperMethod.execute(MapperMethod.java:80)
	at org.apache.ibatis.binding.MapperProxy$PlainMethodInvoker.invoke(MapperProxy.java:141)
	at org.apache.ibatis.binding.MapperProxy.invoke(MapperProxy.java:86)
	at jdk.proxy2/jdk.proxy2.$Proxy15.list(Unknown Source)
	at mapper.BoardMapperTest.testList2(BoardMapperTest.java:62)
	at java.base/jdk.internal.reflect.DirectMethodHandleAccessor.invoke(DirectMethodHandleAccessor.java:103)
	at java.base/java.lang.reflect.Method.invoke(Method.java:580)
	at org.junit.platform.commons.util.ReflectionUtils.invokeMethod(ReflectionUtils.java:775)
	at org.junit.platform.commons.support.ReflectionSupport.invokeMethod(ReflectionSupport.java:479)
	at org.junit.jupiter.engine.execution.MethodInvocation.proceed(MethodInvocation.java:60)
	at org.junit.jupiter.engine.execution.InvocationInterceptorChain$ValidatingInvocation.proceed(InvocationInterceptorChain.java:131)
	at org.junit.jupiter.engine.extension.TimeoutExtension.intercept(TimeoutExtension.java:161)
	at org.junit.jupiter.engine.extension.TimeoutExtension.interceptTestableMethod(TimeoutExtension.java:152)
	at org.junit.jupiter.engine.extension.TimeoutExtension.interceptTestMethod(TimeoutExtension.java:91)
	at org.junit.jupiter.engine.execution.InterceptingExecutableInvoker$ReflectiveInterceptorCall.lambda$ofVoidMethod$0(InterceptingExecutableInvoker.java:112)
	at org.junit.jupiter.engine.execution.InterceptingExecutableInvoker.lambda$invoke$0(InterceptingExecutableInvoker.java:94)
	at org.junit.jupiter.engine.execution.InvocationInterceptorChain$InterceptedInvocation.proceed(InvocationInterceptorChain.java:106)
	at org.junit.jupiter.engine.execution.InvocationInterceptorChain.proceed(InvocationInterceptorChain.java:64)
	at org.junit.jupiter.engine.execution.InvocationInterceptorChain.chainAndInvoke(InvocationInterceptorChain.java:45)
	at org.junit.jupiter.engine.execution.InvocationInterceptorChain.invoke(InvocationInterceptorChain.java:37)
	at org.junit.jupiter.engine.execution.InterceptingExecutableInvoker.invoke(InterceptingExecutableInvoker.java:93)
	at org.junit.jupiter.engine.execution.InterceptingExecutableInvoker.invoke(InterceptingExecutableInvoker.java:87)
	at org.junit.jupiter.engine.descriptor.TestMethodTestDescriptor.lambda$invokeTestMethod$7(TestMethodTestDescriptor.java:216)
	at org.junit.platform.engine.support.hierarchical.ThrowableCollector.execute(ThrowableCollector.java:73)
	at org.junit.jupiter.engine.descriptor.TestMethodTestDescriptor.invokeTestMethod(TestMethodTestDescriptor.java:212)
	at org.junit.jupiter.engine.descriptor.TestMethodTestDescriptor.execute(TestMethodTestDescriptor.java:137)
	at org.junit.jupiter.engine.descriptor.TestMethodTestDescriptor.execute(TestMethodTestDescriptor.java:69)
	at org.junit.platform.engine.support.hierarchical.NodeTestTask.lambda$executeRecursively$6(NodeTestTask.java:156)
	at org.junit.platform.engine.support.hierarchical.ThrowableCollector.execute(ThrowableCollector.java:73)
	at org.junit.platform.engine.support.hierarchical.NodeTestTask.lambda$executeRecursively$8(NodeTestTask.java:146)
	at org.junit.platform.engine.support.hierarchical.Node.around(Node.java:137)
	at org.junit.platform.engine.support.hierarchical.NodeTestTask.lambda$executeRecursively$9(NodeTestTask.java:144)
	at org.junit.platform.engine.support.hierarchical.ThrowableCollector.execute(ThrowableCollector.java:73)
	at org.junit.platform.engine.support.hierarchical.NodeTestTask.executeRecursively(NodeTestTask.java:143)
	at org.junit.platform.engine.support.hierarchical.NodeTestTask.execute(NodeTestTask.java:100)
	at java.base/java.util.ArrayList.forEach(ArrayList.java:1596)
	at org.junit.platform.engine.support.hierarchical.SameThreadHierarchicalTestExecutorService.invokeAll(SameThreadHierarchicalTestExecutorService.java:41)
	at org.junit.platform.engine.support.hierarchical.NodeTestTask.lambda$executeRecursively$6(NodeTestTask.java:160)
	at org.junit.platform.engine.support.hierarchical.ThrowableCollector.execute(ThrowableCollector.java:73)
	at org.junit.platform.engine.support.hierarchical.NodeTestTask.lambda$executeRecursively$8(NodeTestTask.java:146)
	at org.junit.platform.engine.support.hierarchical.Node.around(Node.java:137)
	at org.junit.platform.engine.support.hierarchical.NodeTestTask.lambda$executeRecursively$9(NodeTestTask.java:144)
	at org.junit.platform.engine.support.hierarchical.ThrowableCollector.execute(ThrowableCollector.java:73)
	at org.junit.platform.engine.support.hierarchical.NodeTestTask.executeRecursively(NodeTestTask.java:143)
	at org.junit.platform.engine.support.hierarchical.NodeTestTask.execute(NodeTestTask.java:100)
	at java.base/java.util.ArrayList.forEach(ArrayList.java:1596)
	at org.junit.platform.engine.support.hierarchical.SameThreadHierarchicalTestExecutorService.invokeAll(SameThreadHierarchicalTestExecutorService.java:41)
	at org.junit.platform.engine.support.hierarchical.NodeTestTask.lambda$executeRecursively$6(NodeTestTask.java:160)
	at org.junit.platform.engine.support.hierarchical.ThrowableCollector.execute(ThrowableCollector.java:73)
	at org.junit.platform.engine.support.hierarchical.NodeTestTask.lambda$executeRecursively$8(NodeTestTask.java:146)
	at org.junit.platform.engine.support.hierarchical.Node.around(Node.java:137)
	at org.junit.platform.engine.support.hierarchical.NodeTestTask.lambda$executeRecursively$9(NodeTestTask.java:144)
	at org.junit.platform.engine.support.hierarchical.ThrowableCollector.execute(ThrowableCollector.java:73)
	at org.junit.platform.engine.support.hierarchical.NodeTestTask.executeRecursively(NodeTestTask.java:143)
	at org.junit.platform.engine.support.hierarchical.NodeTestTask.execute(NodeTestTask.java:100)
	at org.junit.platform.engine.support.hierarchical.SameThreadHierarchicalTestExecutorService.submit(SameThreadHierarchicalTestExecutorService.java:35)
	at org.junit.platform.engine.support.hierarchical.HierarchicalTestExecutor.execute(HierarchicalTestExecutor.java:57)
	at org.junit.platform.engine.support.hierarchical.HierarchicalTestEngine.execute(HierarchicalTestEngine.java:54)
	at org.junit.platform.launcher.core.EngineExecutionOrchestrator.execute(EngineExecutionOrchestrator.java:201)
	at org.junit.platform.launcher.core.EngineExecutionOrchestrator.execute(EngineExecutionOrchestrator.java:170)
	at org.junit.platform.launcher.core.EngineExecutionOrchestrator.execute(EngineExecutionOrchestrator.java:94)
	at org.junit.platform.launcher.core.EngineExecutionOrchestrator.lambda$execute$0(EngineExecutionOrchestrator.java:59)
	at org.junit.platform.launcher.core.EngineExecutionOrchestrator.withInterceptedStreams(EngineExecutionOrchestrator.java:142)
	at org.junit.platform.launcher.core.EngineExecutionOrchestrator.execute(EngineExecutionOrchestrator.java:58)
	at org.junit.platform.launcher.core.DefaultLauncher.execute(DefaultLauncher.java:103)
	at org.junit.platform.launcher.core.DefaultLauncher.execute(DefaultLauncher.java:94)
	at org.junit.platform.launcher.core.DelegatingLauncher.execute(DelegatingLauncher.java:52)
	at org.junit.platform.launcher.core.InterceptingLauncher.lambda$execute$2(InterceptingLauncher.java:47)
	at org.junit.platform.launcher.core.ClasspathAlignmentCheckingLauncherInterceptor.intercept(ClasspathAlignmentCheckingLauncherInterceptor.java:25)
	at org.junit.platform.launcher.core.InterceptingLauncher.execute(InterceptingLauncher.java:46)
	at org.junit.platform.launcher.core.DelegatingLauncher.execute(DelegatingLauncher.java:52)
	at org.junit.platform.launcher.core.SessionPerRequestLauncher.execute(SessionPerRequestLauncher.java:70)
	at org.eclipse.jdt.internal.junit5.runner.JUnit5TestReference.run(JUnit5TestReference.java:100)
	at org.eclipse.jdt.internal.junit.runner.TestExecution.run(TestExecution.java:40)
	at org.eclipse.jdt.internal.junit.runner.RemoteTestRunner.runTests(RemoteTestRunner.java:520)
	at org.eclipse.jdt.internal.junit.runner.RemoteTestRunner.runTests(RemoteTestRunner.java:748)
	at org.eclipse.jdt.internal.junit.runner.RemoteTestRunner.run(RemoteTestRunner.java:443)
	at org.eclipse.jdt.internal.junit.runner.RemoteTestRunner.main(RemoteTestRunner.java:211)
11:53:44.495 [main] ERROR sqltiming - 1. PreparedStatement.execute() FAILED! select bno, title, content, id, regdate, moddate, cnt, cno, 
	  	(select count(*) from tbl_reply r where r.bno = b.bno) replyCnt
	  	(select count(*) from tbl_attach a where a.bno = b.bno) attachCnt,
		(select uuid from tbl_attach a where a.bno = b.bno and image = 1 order by odr limit 1) uuid,
		(select path from tbl_attach a where a.bno = b.bno and image = 1 order by odr limit 1) path
  	from tbl_board b

  	 WHERE  cno = 2 

  	order by bno desc 
  	limit 10 offset 0;
 {FAILED after 9 msec}
java.sql.SQLSyntaxErrorException: (conn=9538) You have an error in your SQL syntax; check the manual that corresponds to your MariaDB server version for the right syntax to use near '(select count(*) from tbl_attach a where a.bno = b.bno) attachCnt,
		(select ...' at line 3
	at org.mariadb.jdbc.export.ExceptionFactory.createException(ExceptionFactory.java:289)
	at org.mariadb.jdbc.export.ExceptionFactory.create(ExceptionFactory.java:378)
	at org.mariadb.jdbc.message.ClientMessage.readPacket(ClientMessage.java:187)
	at org.mariadb.jdbc.client.impl.StandardClient.readPacket(StandardClient.java:1364)
	at org.mariadb.jdbc.client.impl.StandardClient.readResults(StandardClient.java:1303)
	at org.mariadb.jdbc.client.impl.StandardClient.readResponse(StandardClient.java:1222)
	at org.mariadb.jdbc.client.impl.StandardClient.execute(StandardClient.java:1146)
	at org.mariadb.jdbc.ClientPreparedStatement.executeInternal(ClientPreparedStatement.java:87)
	at org.mariadb.jdbc.ClientPreparedStatement.execute(ClientPreparedStatement.java:232)
	at net.sf.log4jdbc.sql.jdbcapi.PreparedStatementSpy.execute(PreparedStatementSpy.java:443)
	at com.zaxxer.hikari.pool.ProxyPreparedStatement.execute(ProxyPreparedStatement.java:44)
	at com.zaxxer.hikari.pool.HikariProxyPreparedStatement.execute(HikariProxyPreparedStatement.java)
	at org.apache.ibatis.executor.statement.PreparedStatementHandler.query(PreparedStatementHandler.java:65)
	at org.apache.ibatis.executor.statement.RoutingStatementHandler.query(RoutingStatementHandler.java:80)
	at org.apache.ibatis.executor.SimpleExecutor.doQuery(SimpleExecutor.java:65)
	at org.apache.ibatis.executor.BaseExecutor.queryFromDatabase(BaseExecutor.java:336)
	at org.apache.ibatis.executor.BaseExecutor.query(BaseExecutor.java:158)
	at org.apache.ibatis.executor.CachingExecutor.query(CachingExecutor.java:110)
	at org.apache.ibatis.executor.CachingExecutor.query(CachingExecutor.java:90)
	at org.apache.ibatis.session.defaults.DefaultSqlSession.selectList(DefaultSqlSession.java:154)
	at org.apache.ibatis.session.defaults.DefaultSqlSession.selectList(DefaultSqlSession.java:147)
	at org.apache.ibatis.session.defaults.DefaultSqlSession.selectList(DefaultSqlSession.java:142)
	at org.apache.ibatis.binding.MapperMethod.executeForMany(MapperMethod.java:147)
	at org.apache.ibatis.binding.MapperMethod.execute(MapperMethod.java:80)
	at org.apache.ibatis.binding.MapperProxy$PlainMethodInvoker.invoke(MapperProxy.java:141)
	at org.apache.ibatis.binding.MapperProxy.invoke(MapperProxy.java:86)
	at jdk.proxy2/jdk.proxy2.$Proxy15.list(Unknown Source)
	at mapper.BoardMapperTest.testList2(BoardMapperTest.java:62)
	at java.base/jdk.internal.reflect.DirectMethodHandleAccessor.invoke(DirectMethodHandleAccessor.java:103)
	at java.base/java.lang.reflect.Method.invoke(Method.java:580)
	at org.junit.platform.commons.util.ReflectionUtils.invokeMethod(ReflectionUtils.java:775)
	at org.junit.platform.commons.support.ReflectionSupport.invokeMethod(ReflectionSupport.java:479)
	at org.junit.jupiter.engine.execution.MethodInvocation.proceed(MethodInvocation.java:60)
	at org.junit.jupiter.engine.execution.InvocationInterceptorChain$ValidatingInvocation.proceed(InvocationInterceptorChain.java:131)
	at org.junit.jupiter.engine.extension.TimeoutExtension.intercept(TimeoutExtension.java:161)
	at org.junit.jupiter.engine.extension.TimeoutExtension.interceptTestableMethod(TimeoutExtension.java:152)
	at org.junit.jupiter.engine.extension.TimeoutExtension.interceptTestMethod(TimeoutExtension.java:91)
	at org.junit.jupiter.engine.execution.InterceptingExecutableInvoker$ReflectiveInterceptorCall.lambda$ofVoidMethod$0(InterceptingExecutableInvoker.java:112)
	at org.junit.jupiter.engine.execution.InterceptingExecutableInvoker.lambda$invoke$0(InterceptingExecutableInvoker.java:94)
	at org.junit.jupiter.engine.execution.InvocationInterceptorChain$InterceptedInvocation.proceed(InvocationInterceptorChain.java:106)
	at org.junit.jupiter.engine.execution.InvocationInterceptorChain.proceed(InvocationInterceptorChain.java:64)
	at org.junit.jupiter.engine.execution.InvocationInterceptorChain.chainAndInvoke(InvocationInterceptorChain.java:45)
	at org.junit.jupiter.engine.execution.InvocationInterceptorChain.invoke(InvocationInterceptorChain.java:37)
	at org.junit.jupiter.engine.execution.InterceptingExecutableInvoker.invoke(InterceptingExecutableInvoker.java:93)
	at org.junit.jupiter.engine.execution.InterceptingExecutableInvoker.invoke(InterceptingExecutableInvoker.java:87)
	at org.junit.jupiter.engine.descriptor.TestMethodTestDescriptor.lambda$invokeTestMethod$7(TestMethodTestDescriptor.java:216)
	at org.junit.platform.engine.support.hierarchical.ThrowableCollector.execute(ThrowableCollector.java:73)
	at org.junit.jupiter.engine.descriptor.TestMethodTestDescriptor.invokeTestMethod(TestMethodTestDescriptor.java:212)
	at org.junit.jupiter.engine.descriptor.TestMethodTestDescriptor.execute(TestMethodTestDescriptor.java:137)
	at org.junit.jupiter.engine.descriptor.TestMethodTestDescriptor.execute(TestMethodTestDescriptor.java:69)
	at org.junit.platform.engine.support.hierarchical.NodeTestTask.lambda$executeRecursively$6(NodeTestTask.java:156)
	at org.junit.platform.engine.support.hierarchical.ThrowableCollector.execute(ThrowableCollector.java:73)
	at org.junit.platform.engine.support.hierarchical.NodeTestTask.lambda$executeRecursively$8(NodeTestTask.java:146)
	at org.junit.platform.engine.support.hierarchical.Node.around(Node.java:137)
	at org.junit.platform.engine.support.hierarchical.NodeTestTask.lambda$executeRecursively$9(NodeTestTask.java:144)
	at org.junit.platform.engine.support.hierarchical.ThrowableCollector.execute(ThrowableCollector.java:73)
	at org.junit.platform.engine.support.hierarchical.NodeTestTask.executeRecursively(NodeTestTask.java:143)
	at org.junit.platform.engine.support.hierarchical.NodeTestTask.execute(NodeTestTask.java:100)
	at java.base/java.util.ArrayList.forEach(ArrayList.java:1596)
	at org.junit.platform.engine.support.hierarchical.SameThreadHierarchicalTestExecutorService.invokeAll(SameThreadHierarchicalTestExecutorService.java:41)
	at org.junit.platform.engine.support.hierarchical.NodeTestTask.lambda$executeRecursively$6(NodeTestTask.java:160)
	at org.junit.platform.engine.support.hierarchical.ThrowableCollector.execute(ThrowableCollector.java:73)
	at org.junit.platform.engine.support.hierarchical.NodeTestTask.lambda$executeRecursively$8(NodeTestTask.java:146)
	at org.junit.platform.engine.support.hierarchical.Node.around(Node.java:137)
	at org.junit.platform.engine.support.hierarchical.NodeTestTask.lambda$executeRecursively$9(NodeTestTask.java:144)
	at org.junit.platform.engine.support.hierarchical.ThrowableCollector.execute(ThrowableCollector.java:73)
	at org.junit.platform.engine.support.hierarchical.NodeTestTask.executeRecursively(NodeTestTask.java:143)
	at org.junit.platform.engine.support.hierarchical.NodeTestTask.execute(NodeTestTask.java:100)
	at java.base/java.util.ArrayList.forEach(ArrayList.java:1596)
	at org.junit.platform.engine.support.hierarchical.SameThreadHierarchicalTestExecutorService.invokeAll(SameThreadHierarchicalTestExecutorService.java:41)
	at org.junit.platform.engine.support.hierarchical.NodeTestTask.lambda$executeRecursively$6(NodeTestTask.java:160)
	at org.junit.platform.engine.support.hierarchical.ThrowableCollector.execute(ThrowableCollector.java:73)
	at org.junit.platform.engine.support.hierarchical.NodeTestTask.lambda$executeRecursively$8(NodeTestTask.java:146)
	at org.junit.platform.engine.support.hierarchical.Node.around(Node.java:137)
	at org.junit.platform.engine.support.hierarchical.NodeTestTask.lambda$executeRecursively$9(NodeTestTask.java:144)
	at org.junit.platform.engine.support.hierarchical.ThrowableCollector.execute(ThrowableCollector.java:73)
	at org.junit.platform.engine.support.hierarchical.NodeTestTask.executeRecursively(NodeTestTask.java:143)
	at org.junit.platform.engine.support.hierarchical.NodeTestTask.execute(NodeTestTask.java:100)
	at org.junit.platform.engine.support.hierarchical.SameThreadHierarchicalTestExecutorService.submit(SameThreadHierarchicalTestExecutorService.java:35)
	at org.junit.platform.engine.support.hierarchical.HierarchicalTestExecutor.execute(HierarchicalTestExecutor.java:57)
	at org.junit.platform.engine.support.hierarchical.HierarchicalTestEngine.execute(HierarchicalTestEngine.java:54)
	at org.junit.platform.launcher.core.EngineExecutionOrchestrator.execute(EngineExecutionOrchestrator.java:201)
	at org.junit.platform.launcher.core.EngineExecutionOrchestrator.execute(EngineExecutionOrchestrator.java:170)
	at org.junit.platform.launcher.core.EngineExecutionOrchestrator.execute(EngineExecutionOrchestrator.java:94)
	at org.junit.platform.launcher.core.EngineExecutionOrchestrator.lambda$execute$0(EngineExecutionOrchestrator.java:59)
	at org.junit.platform.launcher.core.EngineExecutionOrchestrator.withInterceptedStreams(EngineExecutionOrchestrator.java:142)
	at org.junit.platform.launcher.core.EngineExecutionOrchestrator.execute(EngineExecutionOrchestrator.java:58)
	at org.junit.platform.launcher.core.DefaultLauncher.execute(DefaultLauncher.java:103)
	at org.junit.platform.launcher.core.DefaultLauncher.execute(DefaultLauncher.java:94)
	at org.junit.platform.launcher.core.DelegatingLauncher.execute(DelegatingLauncher.java:52)
	at org.junit.platform.launcher.core.InterceptingLauncher.lambda$execute$2(InterceptingLauncher.java:47)
	at org.junit.platform.launcher.core.ClasspathAlignmentCheckingLauncherInterceptor.intercept(ClasspathAlignmentCheckingLauncherInterceptor.java:25)
	at org.junit.platform.launcher.core.InterceptingLauncher.execute(InterceptingLauncher.java:46)
	at org.junit.platform.launcher.core.DelegatingLauncher.execute(DelegatingLauncher.java:52)
	at org.junit.platform.launcher.core.SessionPerRequestLauncher.execute(SessionPerRequestLauncher.java:70)
	at org.eclipse.jdt.internal.junit5.runner.JUnit5TestReference.run(JUnit5TestReference.java:100)
	at org.eclipse.jdt.internal.junit.runner.TestExecution.run(TestExecution.java:40)
	at org.eclipse.jdt.internal.junit.runner.RemoteTestRunner.runTests(RemoteTestRunner.java:520)
	at org.eclipse.jdt.internal.junit.runner.RemoteTestRunner.runTests(RemoteTestRunner.java:748)
	at org.eclipse.jdt.internal.junit.runner.RemoteTestRunner.run(RemoteTestRunner.java:443)
	at org.eclipse.jdt.internal.junit.runner.RemoteTestRunner.main(RemoteTestRunner.java:211)
11:54:10.722 [main] INFO  BoardMapperTest - null
11:54:10.798 [main] INFO  sqltiming - select bno, title, content, id, regdate, moddate, cnt, cno, 
	  	(select count(*) from tbl_reply r where r.bno = b.bno) replyCnt,
	  	(select count(*) from tbl_attach a where a.bno = b.bno) attachCnt,
		(select uuid from tbl_attach a where a.bno = b.bno and image = 1 order by odr limit 1) uuid,
		(select path from tbl_attach a where a.bno = b.bno and image = 1 order by odr limit 1) path
  	from tbl_board b

  	 WHERE  cno = 2 

  	order by bno desc 
  	limit 10 offset 0;
 {executed in 9 msec}
11:54:10.829 [main] INFO  BoardMapperTest - ㅁㅁ
11:54:10.830 [main] INFO  BoardMapperTest - ㅁㅁ
11:54:10.831 [main] INFO  BoardMapperTest - 첨부파일
11:54:10.831 [main] INFO  BoardMapperTest - 첨부파일
11:54:10.831 [main] INFO  BoardMapperTest - 선생님 최고
11:54:10.831 [main] INFO  BoardMapperTest - 
11:54:10.831 [main] INFO  BoardMapperTest - 
11:54:10.831 [main] INFO  BoardMapperTest - 250625 테스트
11:54:10.831 [main] INFO  BoardMapperTest - 
11:54:10.832 [main] INFO  BoardMapperTest - 250623 서버확인222
11:54:25.123 [main] INFO  BoardMapperTest - null
11:54:25.180 [main] INFO  sqltiming - select bno, title, content, id, regdate, moddate, cnt, cno, 
	  	(select count(*) from tbl_reply r where r.bno = b.bno) replyCnt,
	  	(select count(*) from tbl_attach a where a.bno = b.bno) attachCnt,
		(select uuid from tbl_attach a where a.bno = b.bno and image = 1 order by odr limit 1) uuid,
		(select path from tbl_attach a where a.bno = b.bno and image = 1 order by odr limit 1) path
  	from tbl_board b

  	 WHERE  cno = 2 

  	order by bno desc 
  	limit 10 offset 0;
 {executed in 9 msec}
11:54:25.204 [main] INFO  BoardMapperTest - [Attach(uuid=4ad669f3-7e83-4394-8a09-5d53ce6aa4e0.jpg, path=2025/06/26, image=false, origin=null, bno=522, rno=null, odr=0)]
11:54:25.218 [main] INFO  BoardMapperTest - [Attach(uuid=null, path=null, image=false, origin=null, bno=521, rno=null, odr=0)]
11:54:25.219 [main] INFO  BoardMapperTest - [Attach(uuid=null, path=null, image=false, origin=null, bno=520, rno=null, odr=0)]
11:54:25.219 [main] INFO  BoardMapperTest - [Attach(uuid=null, path=null, image=false, origin=null, bno=519, rno=null, odr=0)]
11:54:25.222 [main] INFO  BoardMapperTest - [Attach(uuid=null, path=null, image=false, origin=null, bno=518, rno=null, odr=0)]
11:54:25.224 [main] INFO  BoardMapperTest - [Attach(uuid=null, path=null, image=false, origin=null, bno=517, rno=null, odr=0)]
11:54:25.224 [main] INFO  BoardMapperTest - [Attach(uuid=null, path=null, image=false, origin=null, bno=516, rno=null, odr=0)]
11:54:25.224 [main] INFO  BoardMapperTest - [Attach(uuid=null, path=null, image=false, origin=null, bno=515, rno=null, odr=0)]
11:54:25.224 [main] INFO  BoardMapperTest - [Attach(uuid=null, path=null, image=false, origin=null, bno=514, rno=null, odr=0)]
11:54:25.224 [main] INFO  BoardMapperTest - [Attach(uuid=null, path=null, image=false, origin=null, bno=510, rno=null, odr=0)]
12:14:22.478 [main] INFO  BoardMapperTest - null
12:14:22.533 [main] INFO  sqltiming - select bno, title, content, id, regdate, moddate, cnt, cno, 
	  	(select count(*) from tbl_reply r where r.bno = b.bno) replyCnt,
	  	(select count(*) from tbl_attach a where a.bno = b.bno) attachCnt,
		(select uuid from tbl_attach a where a.bno = b.bno and image = 1 order by odr limit 1) uuid,
		(select path from tbl_attach a where a.bno = b.bno and image = 1 order by odr limit 1) path
  	from tbl_board b

  	 WHERE  cno = 2 

  	order by bno desc 
  	limit 10 offset 0;
 {executed in 8 msec}
12:14:22.561 [main] INFO  BoardMapperTest - [Attach(uuid=4ad669f3-7e83-4394-8a09-5d53ce6aa4e0.jpg, path=2025/06/26, image=false, origin=null, bno=522, rno=null, odr=0)], 3, 0
12:14:22.574 [main] INFO  BoardMapperTest - [Attach(uuid=null, path=null, image=false, origin=null, bno=521, rno=null, odr=0)], 0, 0
12:14:22.574 [main] INFO  BoardMapperTest - [Attach(uuid=null, path=null, image=false, origin=null, bno=520, rno=null, odr=0)], 0, 0
12:14:22.574 [main] INFO  BoardMapperTest - [Attach(uuid=null, path=null, image=false, origin=null, bno=519, rno=null, odr=0)], 0, 0
12:14:22.575 [main] INFO  BoardMapperTest - [Attach(uuid=null, path=null, image=false, origin=null, bno=518, rno=null, odr=0)], 0, 0
12:14:22.575 [main] INFO  BoardMapperTest - [Attach(uuid=null, path=null, image=false, origin=null, bno=517, rno=null, odr=0)], 0, 0
12:14:22.575 [main] INFO  BoardMapperTest - [Attach(uuid=null, path=null, image=false, origin=null, bno=516, rno=null, odr=0)], 0, 0
12:14:22.576 [main] INFO  BoardMapperTest - [Attach(uuid=null, path=null, image=false, origin=null, bno=515, rno=null, odr=0)], 0, 0
12:14:22.576 [main] INFO  BoardMapperTest - [Attach(uuid=null, path=null, image=false, origin=null, bno=514, rno=null, odr=0)], 0, 0
12:14:22.577 [main] INFO  BoardMapperTest - [Attach(uuid=null, path=null, image=false, origin=null, bno=510, rno=null, odr=0)], 0, 2
12:14:22.616 [main] INFO  sqltiming - select bno, title, content, id, regdate, moddate, cnt, cno, 
	  	(select count(*) from tbl_reply r where r.bno = b.bno) replyCnt,
	  	(select count(*) from tbl_attach a where a.bno = b.bno) attachCnt,
		(select uuid from tbl_attach a where a.bno = b.bno and image = 1 order by odr limit 1) uuid,
		(select path from tbl_attach a where a.bno = b.bno and image = 1 order by odr limit 1) path
  	from tbl_board b

  	 WHERE  cno = 2 

  	order by bno desc 
  	limit 10 offset 0;
 {executed in 5 msec}
12:14:22.623 [main] INFO  BoardMapperTest - ㅁㅁ
12:14:22.623 [main] INFO  BoardMapperTest - ㅁㅁ
12:14:22.623 [main] INFO  BoardMapperTest - 첨부파일
12:14:22.624 [main] INFO  BoardMapperTest - 첨부파일
12:14:22.624 [main] INFO  BoardMapperTest - 선생님 최고
12:14:22.624 [main] INFO  BoardMapperTest - 
12:14:22.624 [main] INFO  BoardMapperTest - 
12:14:22.624 [main] INFO  BoardMapperTest - 250625 테스트
12:14:22.624 [main] INFO  BoardMapperTest - 
12:14:22.624 [main] INFO  BoardMapperTest - 250623 서버확인222
12:14:22.652 [main] INFO  sqltiming - select * 
	from tbl_board 
	left join tbl_attach using(bno)
	where bno = 3;
 {executed in 5 msec}
12:14:22.654 [main] INFO  BoardMapperTest - Board(bno=3, title=제목만 수정하기, content=수정내용, id=sae, regdate=2025-06-12 17:37:14, moddate=2025-06-19 16:02:40, cnt=0, cno=2, replyCnt=0, attachCnt=0, attachs=[])
12:14:22.691 [main] INFO  sqltiming - select * 
	from tbl_board 
	left join tbl_attach using(bno)
	where bno = 3;
 {executed in 6 msec}
12:14:22.698 [main] INFO  sqltiming - update tbl_board set
	title = '제목만 수정하기',
	content = '수정내용',
	moddate = now(),
	cno = 2
	where bno = 3
 {executed in 6 msec}
12:14:34.226 [main] INFO  BoardMapperTest - null
12:14:34.279 [main] INFO  sqltiming - select bno, title, content, id, regdate, moddate, cnt, cno, 
	  	(select count(*) from tbl_reply r where r.bno = b.bno) replyCnt,
	  	(select count(*) from tbl_attach a where a.bno = b.bno) attachCnt,
		(select uuid from tbl_attach a where a.bno = b.bno and image = 1 order by odr limit 1) uuid,
		(select path from tbl_attach a where a.bno = b.bno and image = 1 order by odr limit 1) path
  	from tbl_board b

  	 WHERE  cno = 2 

  	order by bno desc 
  	limit 10 offset 0;
 {executed in 8 msec}
12:14:34.307 [main] INFO  BoardMapperTest - [Attach(uuid=4ad669f3-7e83-4394-8a09-5d53ce6aa4e0.jpg, path=2025/06/26, image=false, origin=null, bno=522, rno=null, odr=0)], 3, 0
12:14:34.320 [main] INFO  BoardMapperTest - [Attach(uuid=null, path=null, image=false, origin=null, bno=521, rno=null, odr=0)], 0, 0
12:14:34.320 [main] INFO  BoardMapperTest - [Attach(uuid=null, path=null, image=false, origin=null, bno=520, rno=null, odr=0)], 0, 0
12:14:34.320 [main] INFO  BoardMapperTest - [Attach(uuid=null, path=null, image=false, origin=null, bno=519, rno=null, odr=0)], 0, 0
12:14:34.321 [main] INFO  BoardMapperTest - [Attach(uuid=null, path=null, image=false, origin=null, bno=518, rno=null, odr=0)], 0, 0
12:14:34.321 [main] INFO  BoardMapperTest - [Attach(uuid=null, path=null, image=false, origin=null, bno=517, rno=null, odr=0)], 0, 0
12:14:34.321 [main] INFO  BoardMapperTest - [Attach(uuid=null, path=null, image=false, origin=null, bno=516, rno=null, odr=0)], 0, 0
12:14:34.321 [main] INFO  BoardMapperTest - [Attach(uuid=null, path=null, image=false, origin=null, bno=515, rno=null, odr=0)], 0, 0
12:14:34.321 [main] INFO  BoardMapperTest - [Attach(uuid=null, path=null, image=false, origin=null, bno=514, rno=null, odr=0)], 0, 0
12:14:34.323 [main] INFO  BoardMapperTest - [Attach(uuid=null, path=null, image=false, origin=null, bno=510, rno=null, odr=0)], 0, 2
12:14:34.358 [main] INFO  sqltiming - select bno, title, content, id, regdate, moddate, cnt, cno, 
	  	(select count(*) from tbl_reply r where r.bno = b.bno) replyCnt,
	  	(select count(*) from tbl_attach a where a.bno = b.bno) attachCnt,
		(select uuid from tbl_attach a where a.bno = b.bno and image = 1 order by odr limit 1) uuid,
		(select path from tbl_attach a where a.bno = b.bno and image = 1 order by odr limit 1) path
  	from tbl_board b

  	 WHERE  cno = 2 

  	order by bno desc 
  	limit 10 offset 0;
 {executed in 6 msec}
12:14:34.368 [main] INFO  BoardMapperTest - ㅁㅁ
12:14:34.369 [main] INFO  BoardMapperTest - ㅁㅁ
12:14:34.369 [main] INFO  BoardMapperTest - 첨부파일
12:14:34.371 [main] INFO  BoardMapperTest - 첨부파일
12:14:34.371 [main] INFO  BoardMapperTest - 선생님 최고
12:14:34.371 [main] INFO  BoardMapperTest - 
12:14:34.371 [main] INFO  BoardMapperTest - 
12:14:34.372 [main] INFO  BoardMapperTest - 250625 테스트
12:14:34.372 [main] INFO  BoardMapperTest - 
12:14:34.372 [main] INFO  BoardMapperTest - 250623 서버확인222
12:14:34.402 [main] INFO  sqltiming - select * 
	from tbl_board 
	left join tbl_attach using(bno)
	where bno = 3;
 {executed in 6 msec}
12:14:34.404 [main] INFO  BoardMapperTest - Board(bno=3, title=제목만 수정하기, content=수정내용, id=sae, regdate=2025-06-12 17:37:14, moddate=2025-06-26 12:14:22, cnt=0, cno=2, replyCnt=0, attachCnt=0, attachs=[])
12:14:34.448 [main] INFO  sqltiming - select * 
	from tbl_board 
	left join tbl_attach using(bno)
	where bno = 3;
 {executed in 6 msec}
12:14:34.468 [main] INFO  sqltiming - update tbl_board set
	title = '제목만 수정하기',
	content = '수정내용',
	moddate = now(),
	cno = 2
	where bno = 3
 {executed in 18 msec}
